// Bun Snapshot v1, https://bun.sh/docs/test/snapshots

exports[`splitGroup renders two panes side by side 1`] = `
" a.ts ─────────────────────────────────│  a.ts ✕ ──────────────────────────────│
a.ts───────────────────────────────────│ a.ts──────────────────────────────────│
 1 const answer = 42                   │  1 const answer = 42                   
 2                                     │  2                                     
                                       │                                        
                                       │                                        
                                       │                                        
                                       │                                        
                                       │                                        
                                       │                                        
                                       │                                        
                                       │                                        
"
`;
